../Core/Src/main.c:181:2:__io_putchar	16	static
../Core/Src/main.c:186:7:SPTTS_Task1	24	static
../Core/Src/main.c:200:7:SPTTS_Task2	24	static
../Core/Src/main.c:211:7:SPTTS_Task3	24	static
../Core/Src/main.c:222:7:is_valid_format	40	static
../Core/Src/main.c:241:5:main	8	static
../Core/Src/main.c:376:6:SystemClock_Config	72	static
../Core/Src/main.c:416:13:MX_I2C1_Init	8	static
../Core/Src/main.c:450:13:MX_TIM1_Init	32	static
../Core/Src/main.c:496:13:MX_TIM2_Init	32	static
../Core/Src/main.c:541:13:MX_USART3_UART_Init	8	static
../Core/Src/main.c:574:13:MX_GPIO_Init	40	static
../Core/Src/main.c:647:6:HAL_UART_RxCpltCallback	24	static
../Core/Src/main.c:683:6:Funciton_Get_Distance	24	static
../Core/Src/main.c:710:6:Function_Get_Temp	24	static
../Core/Src/main.c:735:6:Function_Get_Humidity	24	static
../Core/Src/main.c:760:6:Function_Control_On	16	static
../Core/Src/main.c:782:6:Function_LCD_UART	32	static
../Core/Src/main.c:824:6:Function_Set_CDT	40	static
../Core/Src/main.c:887:6:Function_Control_Off	16	static
../Core/Src/main.c:927:6:Error_Handler	4	static,ignoring_inline_asm
