../Core/Src/main.c:106:6:EDF_Scheduler	8	static
../Core/Src/main.c:138:1:__io_putchar	16	static
../Core/Src/main.c:149:5:main	16	static
../Core/Src/main.c:267:6:SystemClock_Config	72	static
../Core/Src/main.c:307:13:MX_I2C1_Init	8	static
../Core/Src/main.c:338:13:MX_TIM1_Init	32	static
../Core/Src/main.c:381:13:MX_TIM3_Init	40	static
../Core/Src/main.c:424:13:MX_USART3_UART_Init	8	static
../Core/Src/main.c:454:13:MX_GPIO_Init	40	static
../Core/Src/main.c:499:6:Function_Get_Distance	24	static
../Core/Src/main.c:531:6:Function_Get_Temp	24	static
../Core/Src/main.c:557:6:Function_Get_Humidity	24	static
../Core/Src/main.c:582:6:Function_LCD_UART	24	static
../Core/Src/main.c:628:6:CallbackEDF_Scheduler	16	static
../Core/Src/main.c:644:6:HAL_TIM_PeriodElapsedCallback	16	static
../Core/Src/main.c:661:6:Error_Handler	4	static
