../Core/Src/main.c:121:6:EDF_Scheduler	32	static
../Core/Src/main.c:170:1:__io_putchar	16	static
../Core/Src/main.c:181:5:main	16	static
../Core/Src/main.c:304:6:SystemClock_Config	72	static
../Core/Src/main.c:344:13:MX_I2C1_Init	8	static
../Core/Src/main.c:375:13:MX_TIM1_Init	32	static
../Core/Src/main.c:418:13:MX_TIM3_Init	40	static
../Core/Src/main.c:461:13:MX_USART3_UART_Init	8	static
../Core/Src/main.c:491:13:MX_GPIO_Init	40	static
../Core/Src/main.c:536:6:Function_Get_Distance	24	static
../Core/Src/main.c:572:6:Function_Get_Temp	24	static
../Core/Src/main.c:601:6:Function_Get_Humidity	24	static
../Core/Src/main.c:626:6:Function_LCD_UART	24	static
../Core/Src/main.c:669:6:CallbackEDF_Scheduler	16	static
../Core/Src/main.c:688:6:HAL_TIM_PeriodElapsedCallback	16	static
../Core/Src/main.c:705:6:Error_Handler	4	static
