../Core/Src/main.c:68:6:Delay_us	16	static
../Core/Src/main.c:76:6:Delay_ms	24	static
../Core/Src/main.c:82:6:pulseGPIO	16	static
../Core/Src/main.c:88:6:HCSR04_Start	8	static
../Core/Src/main.c:95:6:HAL_GPIO_EXTI_Callback	16	static
../Core/Src/main.c:120:6:HC04_Complete_Callback	16	static
../Core/Src/main.c:125:6:HC04_Handle	8	static
../Core/Src/main.c:141:5:main	24	static
../Core/Src/main.c:195:6:SystemClock_Config	72	static
../Core/Src/main.c:234:13:MX_TIM1_Init	32	static
../Core/Src/main.c:280:13:MX_GPIO_Init	40	static
../Core/Src/main.c:323:6:Error_Handler	4	static,ignoring_inline_asm
